---
source: src/parse/test.rs
expression: parsed

---
Ok(
    ArithmeticOp(
        ArithmeticOp {
            span: Span {
                start: 0,
                end: 0,
            },
            lhs: Literal(
                Literal {
                    span: Span {
                        start: 0,
                        end: 0,
                    },
                    kind: Ident(
                        "counter",
                    ),
                },
            ),
            rhs: Literal(
                Literal {
                    span: Span {
                        start: 0,
                        end: 0,
                    },
                    kind: Int(
                        2,
                    ),
                },
            ),
            kind: Div,
        },
    ),
)
