---
source: src/parse/test.rs
expression: parsed

---
Ok(
    If {
        span: Span {
            start: 0,
            end: 0,
        },
        if_part: IfPart {
            span: Span {
                start: 0,
                end: 0,
            },
            cond: Literal(
                Literal {
                    span: Span {
                        start: 0,
                        end: 0,
                    },
                    kind: True,
                },
            ),
            body: Body {
                span: Span {
                    start: 0,
                    end: 0,
                },
                stmts: [],
            },
            else_part: None,
        },
    },
)
