---
source: src/parse/test.rs
expression: parsed

---
[
    Ok(
        Ty {
            span: Span {
                start: 0,
                end: 0,
            },
            kind: Boolean,
        },
    ),
    Ok(
        Ty {
            span: Span {
                start: 0,
                end: 0,
            },
            kind: Integer,
        },
    ),
    Ok(
        Ty {
            span: Span {
                start: 0,
                end: 0,
            },
            kind: String,
        },
    ),
    Ok(
        Ty {
            span: Span {
                start: 0,
                end: 0,
            },
            kind: Float,
        },
    ),
]
