---
source: src/parse/test.rs
expression: parsed

---
Ok(
    FnDecl {
        span: Span {
            start: 0,
            end: 0,
        },
        name: "add",
        params: FnParams {
            span: Span {
                start: 0,
                end: 0,
            },
            params: [
                TypedIdent {
                    span: Span {
                        start: 0,
                        end: 0,
                    },
                    name: "_",
                    ty: Ty {
                        span: Span {
                            start: 0,
                            end: 0,
                        },
                        kind: Absent,
                    },
                },
                TypedIdent {
                    span: Span {
                        start: 0,
                        end: 0,
                    },
                    name: "_hi",
                    ty: Ty {
                        span: Span {
                            start: 0,
                            end: 0,
                        },
                        kind: Null,
                    },
                },
            ],
        },
        fn_return: FnReturn {
            span: Span {
                start: 0,
                end: 0,
            },
            ty: Ty {
                span: Span {
                    start: 0,
                    end: 0,
                },
                kind: Absent,
            },
        },
        body: Body {
            span: Span {
                start: 0,
                end: 0,
            },
            stmts: [],
        },
    },
)
