---
source: src/interpret_ast/test.rs
expression: state

---
(
    Vm {
        current_env: RefCell {
            value: Env {
                outer: None,
                vars: {
                    "print": Fn(
                        RefCell {
                            value: RuntimeFn {
                                params: [
                                    (
                                        "value",
                                        Any,
                                    ),
                                ],
                                ret_ty: Absent,
                                body: [native code],
                                captured_env: RefCell {
                                    value: Env {
                                        outer: None,
                                        vars: {},
                                    },
                                },
                            },
                        },
                    ),
                    "uwu": Int(
                        5,
                    ),
                },
            },
        },
        call_stack: [],
        recur_depth: 0,
    },
    Ok(
        (),
    ),
)
