---
source: vfpl_lexer/src/test.rs
expression: tokens

---
[
    Ok(
        [
            Token {
                span: Span {
                    start: 0,
                    end: 2,
                },
                kind: As,
            },
            Token {
                span: Span {
                    start: 18446744073709551615,
                    end: 18446744073709551615,
                },
                kind: Eof,
            },
        ],
    ),
    Ok(
        [
            Token {
                span: Span {
                    start: 0,
                    end: 3,
                },
                kind: CondKw(
                    Add,
                ),
            },
            Token {
                span: Span {
                    start: 18446744073709551615,
                    end: 18446744073709551615,
                },
                kind: Eof,
            },
        ],
    ),
    Ok(
        [
            Token {
                span: Span {
                    start: 0,
                    end: 3,
                },
                kind: CondKw(
                    Sub,
                ),
            },
            Token {
                span: Span {
                    start: 18446744073709551615,
                    end: 18446744073709551615,
                },
                kind: Eof,
            },
        ],
    ),
    Ok(
        [
            Token {
                span: Span {
                    start: 0,
                    end: 3,
                },
                kind: CondKw(
                    Mul,
                ),
            },
            Token {
                span: Span {
                    start: 18446744073709551615,
                    end: 18446744073709551615,
                },
                kind: Eof,
            },
        ],
    ),
    Ok(
        [
            Token {
                span: Span {
                    start: 0,
                    end: 3,
                },
                kind: CondKw(
                    Div,
                ),
            },
            Token {
                span: Span {
                    start: 18446744073709551615,
                    end: 18446744073709551615,
                },
                kind: Eof,
            },
        ],
    ),
    Ok(
        [
            Token {
                span: Span {
                    start: 0,
                    end: 6,
                },
                kind: CondKw(
                    Mod,
                ),
            },
            Token {
                span: Span {
                    start: 18446744073709551615,
                    end: 18446744073709551615,
                },
                kind: Eof,
            },
        ],
    ),
    Ok(
        [
            Token {
                span: Span {
                    start: 0,
                    end: 10,
                },
                kind: Initialize,
            },
            Token {
                span: Span {
                    start: 18446744073709551615,
                    end: 18446744073709551615,
                },
                kind: Eof,
            },
        ],
    ),
    Ok(
        [
            Token {
                span: Span {
                    start: 0,
                    end: 8,
                },
                kind: Variable,
            },
            Token {
                span: Span {
                    start: 18446744073709551615,
                    end: 18446744073709551615,
                },
                kind: Eof,
            },
        ],
    ),
    Ok(
        [
            Token {
                span: Span {
                    start: 0,
                    end: 4,
                },
                kind: CondKw(
                    With,
                ),
            },
            Token {
                span: Span {
                    start: 18446744073709551615,
                    end: 18446744073709551615,
                },
                kind: Eof,
            },
        ],
    ),
    Ok(
        [
            Token {
                span: Span {
                    start: 0,
                    end: 3,
                },
                kind: CondKw(
                    The,
                ),
            },
            Token {
                span: Span {
                    start: 18446744073709551615,
                    end: 18446744073709551615,
                },
                kind: Eof,
            },
        ],
    ),
    Ok(
        [
            Token {
                span: Span {
                    start: 0,
                    end: 5,
                },
                kind: CondKw(
                    Value,
                ),
            },
            Token {
                span: Span {
                    start: 18446744073709551615,
                    end: 18446744073709551615,
                },
                kind: Eof,
            },
        ],
    ),
    Ok(
        [
            Token {
                span: Span {
                    start: 0,
                    end: 2,
                },
                kind: CondKw(
                    Of,
                ),
            },
            Token {
                span: Span {
                    start: 18446744073709551615,
                    end: 18446744073709551615,
                },
                kind: Eof,
            },
        ],
    ),
    Ok(
        [
            Token {
                span: Span {
                    start: 0,
                    end: 3,
                },
                kind: CondKw(
                    Set,
                ),
            },
            Token {
                span: Span {
                    start: 18446744073709551615,
                    end: 18446744073709551615,
                },
                kind: Eof,
            },
        ],
    ),
    Ok(
        [
            Token {
                span: Span {
                    start: 0,
                    end: 2,
                },
                kind: CondKw(
                    To,
                ),
            },
            Token {
                span: Span {
                    start: 18446744073709551615,
                    end: 18446744073709551615,
                },
                kind: Eof,
            },
        ],
    ),
    Ok(
        [
            Token {
                span: Span {
                    start: 0,
                    end: 4,
                },
                kind: CondKw(
                    From,
                ),
            },
            Token {
                span: Span {
                    start: 18446744073709551615,
                    end: 18446744073709551615,
                },
                kind: Eof,
            },
        ],
    ),
    Ok(
        [
            Token {
                span: Span {
                    start: 0,
                    end: 2,
                },
                kind: CondKw(
                    By,
                ),
            },
            Token {
                span: Span {
                    start: 18446744073709551615,
                    end: 18446744073709551615,
                },
                kind: Eof,
            },
        ],
    ),
    Ok(
        [
            Token {
                span: Span {
                    start: 0,
                    end: 4,
                },
                kind: CondKw(
                    Take,
                ),
            },
            Token {
                span: Span {
                    start: 18446744073709551615,
                    end: 18446744073709551615,
                },
                kind: Eof,
            },
        ],
    ),
    Ok(
        [
            Token {
                span: Span {
                    start: 0,
                    end: 3,
                },
                kind: End,
            },
            Token {
                span: Span {
                    start: 18446744073709551615,
                    end: 18446744073709551615,
                },
                kind: Eof,
            },
        ],
    ),
    Ok(
        [
            Token {
                span: Span {
                    start: 0,
                    end: 5,
                },
                kind: Check,
            },
            Token {
                span: Span {
                    start: 18446744073709551615,
                    end: 18446744073709551615,
                },
                kind: Eof,
            },
        ],
    ),
    Ok(
        [
            Token {
                span: Span {
                    start: 0,
                    end: 7,
                },
                kind: Whether,
            },
            Token {
                span: Span {
                    start: 18446744073709551615,
                    end: 18446744073709551615,
                },
                kind: Eof,
            },
        ],
    ),
    Ok(
        [
            Token {
                span: Span {
                    start: 0,
                    end: 4,
                },
                kind: Then,
            },
            Token {
                span: Span {
                    start: 18446744073709551615,
                    end: 18446744073709551615,
                },
                kind: Eof,
            },
        ],
    ),
    Ok(
        [
            Token {
                span: Span {
                    start: 0,
                    end: 2,
                },
                kind: Do,
            },
            Token {
                span: Span {
                    start: 18446744073709551615,
                    end: 18446744073709551615,
                },
                kind: Eof,
            },
        ],
    ),
    Ok(
        [
            Token {
                span: Span {
                    start: 0,
                    end: 9,
                },
                kind: Otherwise,
            },
            Token {
                span: Span {
                    start: 18446744073709551615,
                    end: 18446744073709551615,
                },
                kind: Eof,
            },
        ],
    ),
    Ok(
        [
            Token {
                span: Span {
                    start: 0,
                    end: 5,
                },
                kind: Break,
            },
            Token {
                span: Span {
                    start: 18446744073709551615,
                    end: 18446744073709551615,
                },
                kind: Eof,
            },
        ],
    ),
    Ok(
        [
            Token {
                span: Span {
                    start: 0,
                    end: 3,
                },
                kind: CondKw(
                    Out,
                ),
            },
            Token {
                span: Span {
                    start: 18446744073709551615,
                    end: 18446744073709551615,
                },
                kind: Eof,
            },
        ],
    ),
    Ok(
        [
            Token {
                span: Span {
                    start: 0,
                    end: 4,
                },
                kind: This,
            },
            Token {
                span: Span {
                    start: 18446744073709551615,
                    end: 18446744073709551615,
                },
                kind: Eof,
            },
        ],
    ),
    Ok(
        [
            Token {
                span: Span {
                    start: 0,
                    end: 6,
                },
                kind: Create,
            },
            Token {
                span: Span {
                    start: 18446744073709551615,
                    end: 18446744073709551615,
                },
                kind: Eof,
            },
        ],
    ),
    Ok(
        [
            Token {
                span: Span {
                    start: 0,
                    end: 8,
                },
                kind: Function,
            },
            Token {
                span: Span {
                    start: 18446744073709551615,
                    end: 18446744073709551615,
                },
                kind: Eof,
            },
        ],
    ),
    Ok(
        [
            Token {
                span: Span {
                    start: 0,
                    end: 9,
                },
                kind: CondKw(
                    Parameter,
                ),
            },
            Token {
                span: Span {
                    start: 18446744073709551615,
                    end: 18446744073709551615,
                },
                kind: Eof,
            },
        ],
    ),
    Ok(
        [
            Token {
                span: Span {
                    start: 0,
                    end: 10,
                },
                kind: CondKw(
                    Parameters,
                ),
            },
            Token {
                span: Span {
                    start: 18446744073709551615,
                    end: 18446744073709551615,
                },
                kind: Eof,
            },
        ],
    ),
    Ok(
        [
            Token {
                span: Span {
                    start: 0,
                    end: 4,
                },
                kind: CondKw(
                    That,
                ),
            },
            Token {
                span: Span {
                    start: 18446744073709551615,
                    end: 18446744073709551615,
                },
                kind: Eof,
            },
        ],
    ),
    Ok(
        [
            Token {
                span: Span {
                    start: 0,
                    end: 7,
                },
                kind: CondKw(
                    Returns,
                ),
            },
            Token {
                span: Span {
                    start: 18446744073709551615,
                    end: 18446744073709551615,
                },
                kind: Eof,
            },
        ],
    ),
    Ok(
        [
            Token {
                span: Span {
                    start: 0,
                    end: 4,
                },
                kind: Call,
            },
            Token {
                span: Span {
                    start: 18446744073709551615,
                    end: 18446744073709551615,
                },
                kind: Eof,
            },
        ],
    ),
    Ok(
        [
            Token {
                span: Span {
                    start: 0,
                    end: 2,
                },
                kind: CondKw(
                    No,
                ),
            },
            Token {
                span: Span {
                    start: 18446744073709551615,
                    end: 18446744073709551615,
                },
                kind: Eof,
            },
        ],
    ),
    Ok(
        [
            Token {
                span: Span {
                    start: 0,
                    end: 8,
                },
                kind: CondKw(
                    Argument,
                ),
            },
            Token {
                span: Span {
                    start: 18446744073709551615,
                    end: 18446744073709551615,
                },
                kind: Eof,
            },
        ],
    ),
    Ok(
        [
            Token {
                span: Span {
                    start: 0,
                    end: 9,
                },
                kind: CondKw(
                    Arguments,
                ),
            },
            Token {
                span: Span {
                    start: 18446744073709551615,
                    end: 18446744073709551615,
                },
                kind: Eof,
            },
        ],
    ),
    Ok(
        [
            Token {
                span: Span {
                    start: 0,
                    end: 3,
                },
                kind: And,
            },
            Token {
                span: Span {
                    start: 18446744073709551615,
                    end: 18446744073709551615,
                },
                kind: Eof,
            },
        ],
    ),
    Ok(
        [
            Token {
                span: Span {
                    start: 0,
                    end: 2,
                },
                kind: CondKw(
                    Go,
                ),
            },
            Token {
                span: Span {
                    start: 18446744073709551615,
                    end: 18446744073709551615,
                },
                kind: Eof,
            },
        ],
    ),
    Ok(
        [
            Token {
                span: Span {
                    start: 0,
                    end: 5,
                },
                kind: CondKw(
                    Sleep,
                ),
            },
            Token {
                span: Span {
                    start: 18446744073709551615,
                    end: 18446744073709551615,
                },
                kind: Eof,
            },
        ],
    ),
    Ok(
        [
            Token {
                span: Span {
                    start: 0,
                    end: 6,
                },
                kind: Absent,
            },
            Token {
                span: Span {
                    start: 18446744073709551615,
                    end: 18446744073709551615,
                },
                kind: Eof,
            },
        ],
    ),
    Ok(
        [
            Token {
                span: Span {
                    start: 0,
                    end: 4,
                },
                kind: Null,
            },
            Token {
                span: Span {
                    start: 18446744073709551615,
                    end: 18446744073709551615,
                },
                kind: Eof,
            },
        ],
    ),
    Ok(
        [
            Token {
                span: Span {
                    start: 0,
                    end: 7,
                },
                kind: NoValue,
            },
            Token {
                span: Span {
                    start: 18446744073709551615,
                    end: 18446744073709551615,
                },
                kind: Eof,
            },
        ],
    ),
    Ok(
        [
            Token {
                span: Span {
                    start: 0,
                    end: 9,
                },
                kind: Undefined,
            },
            Token {
                span: Span {
                    start: 18446744073709551615,
                    end: 18446744073709551615,
                },
                kind: Eof,
            },
        ],
    ),
    Ok(
        [
            Token {
                span: Span {
                    start: 0,
                    end: 4,
                },
                kind: True,
            },
            Token {
                span: Span {
                    start: 18446744073709551615,
                    end: 18446744073709551615,
                },
                kind: Eof,
            },
        ],
    ),
    Ok(
        [
            Token {
                span: Span {
                    start: 0,
                    end: 5,
                },
                kind: False,
            },
            Token {
                span: Span {
                    start: 18446744073709551615,
                    end: 18446744073709551615,
                },
                kind: Eof,
            },
        ],
    ),
    Ok(
        [
            Token {
                span: Span {
                    start: 0,
                    end: 4,
                },
                kind: CondKw(
                    Does,
                ),
            },
            Token {
                span: Span {
                    start: 18446744073709551615,
                    end: 18446744073709551615,
                },
                kind: Eof,
            },
        ],
    ),
    Ok(
        [
            Token {
                span: Span {
                    start: 0,
                    end: 3,
                },
                kind: CondKw(
                    Has,
                ),
            },
            Token {
                span: Span {
                    start: 18446744073709551615,
                    end: 18446744073709551615,
                },
                kind: Eof,
            },
        ],
    ),
    Ok(
        [
            Token {
                span: Span {
                    start: 0,
                    end: 2,
                },
                kind: CondKw(
                    Is,
                ),
            },
            Token {
                span: Span {
                    start: 18446744073709551615,
                    end: 18446744073709551615,
                },
                kind: Eof,
            },
        ],
    ),
    Ok(
        [
            Token {
                span: Span {
                    start: 0,
                    end: 3,
                },
                kind: Not,
            },
            Token {
                span: Span {
                    start: 18446744073709551615,
                    end: 18446744073709551615,
                },
                kind: Eof,
            },
        ],
    ),
    Ok(
        [
            Token {
                span: Span {
                    start: 0,
                    end: 4,
                },
                kind: CondKw(
                    Have,
                ),
            },
            Token {
                span: Span {
                    start: 18446744073709551615,
                    end: 18446744073709551615,
                },
                kind: Eof,
            },
        ],
    ),
    Ok(
        [
            Token {
                span: Span {
                    start: 0,
                    end: 7,
                },
                kind: CondKw(
                    Greater,
                ),
            },
            Token {
                span: Span {
                    start: 18446744073709551615,
                    end: 18446744073709551615,
                },
                kind: Eof,
            },
        ],
    ),
    Ok(
        [
            Token {
                span: Span {
                    start: 0,
                    end: 4,
                },
                kind: CondKw(
                    Less,
                ),
            },
            Token {
                span: Span {
                    start: 18446744073709551615,
                    end: 18446744073709551615,
                },
                kind: Eof,
            },
        ],
    ),
    Ok(
        [
            Token {
                span: Span {
                    start: 0,
                    end: 4,
                },
                kind: CondKw(
                    Than,
                ),
            },
            Token {
                span: Span {
                    start: 18446744073709551615,
                    end: 18446744073709551615,
                },
                kind: Eof,
            },
        ],
    ),
    Ok(
        [
            Token {
                span: Span {
                    start: 0,
                    end: 5,
                },
                kind: CondKw(
                    Equal,
                ),
            },
            Token {
                span: Span {
                    start: 18446744073709551615,
                    end: 18446744073709551615,
                },
                kind: Eof,
            },
        ],
    ),
    Ok(
        [
            Token {
                span: Span {
                    start: 0,
                    end: 2,
                },
                kind: Or,
            },
            Token {
                span: Span {
                    start: 18446744073709551615,
                    end: 18446744073709551615,
                },
                kind: Eof,
            },
        ],
    ),
    Ok(
        [
            Token {
                span: Span {
                    start: 0,
                    end: 6,
                },
                kind: Repeat,
            },
            Token {
                span: Span {
                    start: 18446744073709551615,
                    end: 18446744073709551615,
                },
                kind: Eof,
            },
        ],
    ),
    Ok(
        [
            Token {
                span: Span {
                    start: 0,
                    end: 6,
                },
                kind: Return,
            },
            Token {
                span: Span {
                    start: 18446744073709551615,
                    end: 18446744073709551615,
                },
                kind: Eof,
            },
        ],
    ),
    Ok(
        [
            Token {
                span: Span {
                    start: 0,
                    end: 5,
                },
                kind: While,
            },
            Token {
                span: Span {
                    start: 18446744073709551615,
                    end: 18446744073709551615,
                },
                kind: Eof,
            },
        ],
    ),
    Ok(
        [
            Token {
                span: Span {
                    start: 0,
                    end: 9,
                },
                kind: Structure,
            },
            Token {
                span: Span {
                    start: 18446744073709551615,
                    end: 18446744073709551615,
                },
                kind: Eof,
            },
        ],
    ),
    Ok(
        [
            Token {
                span: Span {
                    start: 0,
                    end: 5,
                },
                kind: CondKw(
                    Field,
                ),
            },
            Token {
                span: Span {
                    start: 18446744073709551615,
                    end: 18446744073709551615,
                },
                kind: Eof,
            },
        ],
    ),
    Ok(
        [
            Token {
                span: Span {
                    start: 0,
                    end: 6,
                },
                kind: CondKw(
                    Fields,
                ),
            },
            Token {
                span: Span {
                    start: 18446744073709551615,
                    end: 18446744073709551615,
                },
                kind: Eof,
            },
        ],
    ),
]
